test_changed_intended_inputs_and_whitespace_refuse_old_result (test_checker.CheckerAdversarialTests.test_changed_intended_inputs_and_whitespace_refuse_old_result) ... ok
test_checker_source_is_separate_from_producer_math (test_checker.CheckerAdversarialTests.test_checker_source_is_separate_from_producer_math) ... ok
test_each_branch_field_is_checked (test_checker.CheckerAdversarialTests.test_each_branch_field_is_checked) ... ok
test_each_exposed_answer_field_is_checked (test_checker.CheckerAdversarialTests.test_each_exposed_answer_field_is_checked) ... ok
test_joint_identities_detect_posterior_and_risk_tampering (test_checker.CheckerAdversarialTests.test_joint_identities_detect_posterior_and_risk_tampering) ... ok
test_omitted_tie_minimizer_and_impossible_null_mutation_fail (test_checker.CheckerAdversarialTests.test_omitted_tie_minimizer_and_impossible_null_mutation_fail) ... ok
test_rebinding_old_answer_does_not_bypass_mathematical_check (test_checker.CheckerAdversarialTests.test_rebinding_old_answer_does_not_bypass_mathematical_check) ... ok
test_runtime_sources_have_no_network_client_imports (test_checker.CheckerAdversarialTests.test_runtime_sources_have_no_network_client_imports) ... ok
test_same_hash_tampered_evsi_is_detected (test_checker.CheckerAdversarialTests.test_same_hash_tampered_evsi_is_detected) ... ok
test_source_manifest_uses_relative_forward_slash_paths (test_checker.CheckerAdversarialTests.test_source_manifest_uses_relative_forward_slash_paths) ... ok
test_failed_consumer_writes_no_functional_output (test_cli.CliIntegrationTests.test_failed_consumer_writes_no_functional_output) ... ok
test_missing_check_input_writes_not_checked_record (test_cli.CliIntegrationTests.test_missing_check_input_writes_not_checked_record) ... ok
test_refuses_overwriting_output (test_cli.CliIntegrationTests.test_refuses_overwriting_output) ... ok
test_separate_process_path_and_second_directory_are_byte_reproducible (test_cli.CliIntegrationTests.test_separate_process_path_and_second_directory_are_byte_reproducible) ... ok
test_unsupported_two_observation_semantics_exits_three (test_cli.CliIntegrationTests.test_unsupported_two_observation_semantics_exits_three) ... ok
test_equal_information_frozen_sequence (test_comparison.ComparisonTests.test_equal_information_frozen_sequence) ... FAIL
test_checked_answer_exposes_small_summary (test_consumer.ConsumerTests.test_checked_answer_exposes_small_summary) ... ok
test_downstream_sink_spy_is_not_called_on_any_failure (test_consumer.ConsumerTests.test_downstream_sink_spy_is_not_called_on_any_failure) ... ok
test_forged_saved_check_cannot_grant_access (test_consumer.ConsumerTests.test_forged_saved_check_cannot_grant_access) ... ok
test_tampered_answer_and_changed_question_expose_no_answer (test_consumer.ConsumerTests.test_tampered_answer_and_changed_question_expose_no_answer) ... ok
test_unexpected_checker_exception_fails_closed (test_consumer.ConsumerTests.test_unexpected_checker_exception_fails_closed) ... ok
test_accepts_complete_exact_inputs (test_decode.StrictDecodeTests.test_accepts_complete_exact_inputs) ... ok
test_declared_resource_limits_are_out_of_scope (test_decode.StrictDecodeTests.test_declared_resource_limits_are_out_of_scope) ... ok
test_invalid_identifier_is_rejected_without_normalization (test_decode.StrictDecodeTests.test_invalid_identifier_is_rejected_without_normalization) ... ok
test_rejects_duplicate_keys (test_decode.StrictDecodeTests.test_rejects_duplicate_keys) ... ok
test_rejects_duplicate_labels_and_mismatched_state_order (test_decode.StrictDecodeTests.test_rejects_duplicate_labels_and_mismatched_state_order) ... ok
test_rejects_invalid_unicode_nan_bom_and_trailing_data (test_decode.StrictDecodeTests.test_rejects_invalid_unicode_nan_bom_and_trailing_data) ... ok
test_rejects_missing_cost (test_decode.StrictDecodeTests.test_rejects_missing_cost) ... ok
test_rejects_nine_archival_malformed_rationals (test_decode.StrictDecodeTests.test_rejects_nine_archival_malformed_rationals) ... ok
test_rejects_non_normalized_and_negative_probabilities (test_decode.StrictDecodeTests.test_rejects_non_normalized_and_negative_probabilities) ... ok
test_rejects_other_nonstring_rational_literals (test_decode.StrictDecodeTests.test_rejects_other_nonstring_rational_literals) ... ok
test_rejects_unknown_input_and_result_fields (test_decode.StrictDecodeTests.test_rejects_unknown_input_and_result_fields) ... ok
test_rejects_wrong_dimensions (test_decode.StrictDecodeTests.test_rejects_wrong_dimensions) ... ok
test_result_rationals_have_larger_but_finite_cap (test_decode.StrictDecodeTests.test_result_rationals_have_larger_but_finite_cap) ... ok
test_unsupported_versions_are_out_of_scope (test_decode.StrictDecodeTests.test_unsupported_versions_are_out_of_scope) ... ok
test_action_permutation_preserves_values_and_labels (test_metamorphic.MetamorphicTests.test_action_permutation_preserves_values_and_labels) ... ok
test_constant_loss_translation_preserves_values_of_information (test_metamorphic.MetamorphicTests.test_constant_loss_translation_preserves_values_of_information) ... ok
test_outcome_permutation_preserves_relabelled_branches (test_metamorphic.MetamorphicTests.test_outcome_permutation_preserves_relabelled_branches) ... ok
test_positive_scale_factor_scales_losses_cost_and_values (test_metamorphic.MetamorphicTests.test_positive_scale_factor_scales_losses_cost_and_values) ... ok
test_simultaneous_state_permutation_preserves_relabelled_answer (test_metamorphic.MetamorphicTests.test_simultaneous_state_permutation_preserves_relabelled_answer) ... ok
test_duplicate_labels_and_escaped_cost_unequal_assurance (test_pr1_repairs.BaselineQualificationTests.test_duplicate_labels_and_escaped_cost_unequal_assurance) ... ok
test_injected_shared_algorithm_fault_is_not_natural_bug (test_pr1_repairs.BaselineQualificationTests.test_injected_shared_algorithm_fault_is_not_natural_bug) ... ok
test_check_record_snapshot_consistency (test_pr1_repairs.RepairProcessTests.test_check_record_snapshot_consistency) ... ok
test_cli_depth_and_canaries_in_stderr_and_records (test_pr1_repairs.RepairProcessTests.test_cli_depth_and_canaries_in_stderr_and_records) ... ok
test_consumer_process_all_statuses_and_post_check_faults (test_pr1_repairs.RepairProcessTests.test_consumer_process_all_statuses_and_post_check_faults) ... ok
test_correlated_wrong_answer_correct_hashes (test_pr1_repairs.RepairProcessTests.test_correlated_wrong_answer_correct_hashes) ... ok
test_deep_snapshots_and_summary_copies (test_pr1_repairs.RepairProcessTests.test_deep_snapshots_and_summary_copies) ... ok
test_depth_boundary_deep_arrays_objects_and_quoted_delimiters (test_pr1_repairs.RepairProcessTests.test_depth_boundary_deep_arrays_objects_and_quoted_delimiters) ... ok
test_diagnostics_never_echo_untrusted_keys_or_values (test_pr1_repairs.RepairProcessTests.test_diagnostics_never_echo_untrusted_keys_or_values) ... ok
test_entire_consumer_boundary_structures_failures (test_pr1_repairs.RepairProcessTests.test_entire_consumer_boundary_structures_failures) ... ok
test_exact_byte_digit_limits_and_escaped_duplicate (test_pr1_repairs.RepairProcessTests.test_exact_byte_digit_limits_and_escaped_duplicate) ... ok
test_fresh_process_producer_disabled (test_pr1_repairs.RepairProcessTests.test_fresh_process_producer_disabled) ... ok
test_genuinely_relocated_sources_solve_check_consume (test_pr1_repairs.RepairProcessTests.test_genuinely_relocated_sources_solve_check_consume) ... ok
test_manifest_independently_reconstructed_from_repository_root (test_pr1_repairs.RepairProcessTests.test_manifest_independently_reconstructed_from_repository_root) ... ok
test_positive_whitespace_rebinding_and_other_producer_source (test_pr1_repairs.RepairProcessTests.test_positive_whitespace_rebinding_and_other_producer_source) ... ok
test_check_record_snapshot_consistency (test_pr1_repairs.RepairTests.test_check_record_snapshot_consistency) ... ok
test_correlated_wrong_answer_correct_hashes (test_pr1_repairs.RepairTests.test_correlated_wrong_answer_correct_hashes) ... ok
test_deep_snapshots_and_summary_copies (test_pr1_repairs.RepairTests.test_deep_snapshots_and_summary_copies) ... ok
test_depth_boundary_deep_arrays_objects_and_quoted_delimiters (test_pr1_repairs.RepairTests.test_depth_boundary_deep_arrays_objects_and_quoted_delimiters) ... ok
test_diagnostics_never_echo_untrusted_keys_or_values (test_pr1_repairs.RepairTests.test_diagnostics_never_echo_untrusted_keys_or_values) ... ok
test_entire_consumer_boundary_structures_failures (test_pr1_repairs.RepairTests.test_entire_consumer_boundary_structures_failures) ... ok
test_exact_byte_digit_limits_and_escaped_duplicate (test_pr1_repairs.RepairTests.test_exact_byte_digit_limits_and_escaped_duplicate) ... ok
test_manifest_independently_reconstructed_from_repository_root (test_pr1_repairs.RepairTests.test_manifest_independently_reconstructed_from_repository_root) ... ok
test_positive_whitespace_rebinding_and_other_producer_source (test_pr1_repairs.RepairTests.test_positive_whitespace_rebinding_and_other_producer_source) ... ok
test_all_required_and_development_fixtures_check (test_solver.SolverFixtureTests.test_all_required_and_development_fixtures_check) ... ok
test_f01_full_expected_answer (test_solver.SolverFixtureTests.test_f01_full_expected_answer) ... ok
test_large_intermediate_rational_exceeds_input_digit_cap (test_solver.SolverFixtureTests.test_large_intermediate_rational_exceeds_input_digit_cap) ... ok
test_named_packet_expectations (test_solver.SolverFixtureTests.test_named_packet_expectations) ... ok

======================================================================
FAIL: test_equal_information_frozen_sequence (test_comparison.ComparisonTests.test_equal_information_frozen_sequence)
----------------------------------------------------------------------
Traceback (most recent call last):
  File "/Users/kimchee/Documents/writ-decision-lab-build1/tests/test_comparison.py", line 28, in test_equal_information_frozen_sequence
    self.assertEqual(run.returncode, 0, run.stderr)
    ~~~~~~~~~~~~~~~~^^^^^^^^^^^^^^^^^^^^^^^^^^^^^^^
AssertionError: 1 != 0 : b''

----------------------------------------------------------------------
Ran 68 tests in 3.140s

FAILED (failures=1)
